.\build\tests\Debug\TachyonTests.exe : [RUN] math
At line:1 char:77
+ ...  $env:PATH; .\build\tests\Debug\TachyonTests.exe > test_output.txt 2> ...
+                 ~~~~~~~~~~~~~~~~~~~~~~~~~~~~~~~~~~~~~~~~~~~~~~~~~~~~~~~~~
    + CategoryInfo          : NotSpecified: ([RUN] math:String) [], RemoteException
    + FullyQualifiedErrorId : NativeCommandError
 
[OK] math
[RUN] property
--- Property System Tests ---
  all property tests passed
[OK] property
[RUN] expression
[OK] expression
[RUN] asset_resolution
[OK] asset_resolution
[RUN] image_manager
[OK] image_manager
[RUN] image_decode
[OK] image_decode
[RUN] framebuffer
[OK] framebuffer
[RUN] rasterizer
[OK] rasterizer
[RUN] surface
[OK] surface
[RUN] draw_list_builder
[OK] draw_list_builder
[RUN] evaluated_composition_renderer
Checkpoint: Simple Render OK
Checkpoint: Blend Render OK
Checkpoint: Blend Logic OK
Checkpoint: Adjustment Layer OK
Checkpoint: Timeline OK
Checkpoint: Matte OK
Checkpoint: Mask OK
Checkpoint: Precomp OK
[OK] evaluated_composition_renderer
[RUN] path_rasterizer
[OK] path_rasterizer
[RUN] path_rasterizer_aa
[OK] path_rasterizer_aa
[RUN] frame_cache
[OK] frame_cache
[RUN] frame_executor
[OK] frame_executor
[RUN] frame_output_sink
ffmpeg version N-117753-g9ec042c1aa-20241111 Copyright (c) 2000-2024 the FFmpeg developers
  built with gcc 14.2.0 (crosstool-NG 1.26.0.120_4d36f27)
  configuration: --prefix=/ffbuild/prefix --pkg-config-flags=--static --pkg-config=pkg-config 
--cross-prefix=x86_64-w64-mingw32- --arch=x86_64 --target-os=mingw32 --enable-gpl --enable-version3 --disable-debug 
--disable-w32threads --enable-pthreads --enable-iconv --enable-zlib --enable-libfreetype --enable-libfribidi 
--enable-gmp --enable-libxml2 --enable-lzma --enable-fontconfig --enable-libharfbuzz --enable-libvorbis 
--enable-opencl --disable-libpulse --enable-libvmaf --disable-libxcb --disable-xlib --enable-amf --enable-libaom 
--enable-libaribb24 --enable-avisynth --enable-chromaprint --enable-libdav1d --enable-libdavs2 --enable-libdvdread 
--enable-libdvdnav --disable-libfdk-aac --enable-ffnvcodec --enable-cuda-llvm --enable-frei0r --enable-libgme 
--enable-libkvazaar --enable-libaribcaption --enable-libass --enable-libbluray --enable-libjxl --enable-libmp3lame 
--enable-libopus --enable-librist --enable-libssh --enable-libtheora --enable-libvpx --enable-libwebp --enable-libzmq 
--enable-lv2 --enable-libvpl --enable-openal --enable-libopencore-amrnb --enable-libopencore-amrwb 
--enable-libopenh264 --enable-libopenjpeg --enable-libopenmpt --enable-librav1e --enable-librubberband 
--enable-schannel --enable-sdl2 --enable-libsoxr --enable-libsrt --enable-libsvtav1 --enable-libtwolame 
--enable-libuavs3d --disable-libdrm --enable-vaapi --enable-libvidstab --enable-vulkan --enable-libshaderc 
--enable-libplacebo --enable-libvvenc --enable-libx264 --enable-libx265 --enable-libxavs2 --enable-libxvid 
--enable-libzimg --enable-libzvbi --extra-cflags=-DLIBTWOLAME_STATIC --extra-cxxflags= --extra-libs=-lgomp 
--extra-ldflags=-pthread --extra-ldexeflags= --cc=x86_64-w64-mingw32-gcc --cxx=x86_64-w64-mingw32-g++ 
--ar=x86_64-w64-mingw32-gcc-ar --ranlib=x86_64-w64-mingw32-gcc-ranlib --nm=x86_64-w64-mingw32-gcc-nm 
--extra-version=20241111
  libavutil      59. 46.100 / 59. 46.100
  libavcodec     61. 24.100 / 61. 24.100
  libavformat    61.  9.100 / 61.  9.100
  libavdevice    61.  4.100 / 61.  4.100
  libavfilter    10.  6.101 / 10.  6.101
  libswscale      8.  9.101 /  8.  9.101
  libswresample   5.  4.100 /  5.  4.100
  libpostproc    58.  4.100 / 58.  4.100
Input #0, rawvideo, from 'fd:':
  Duration: N/A, start: 0.000000, bitrate: 61 kb/s
  Stream #0:0: Video: rawvideo (RGBA / 0x41424752), rgba(pc, unknown/bt709/iec61966-2-1), 8x8, 61 kb/s, 30 tbr, 30 tbn
Stream mapping:
  Stream #0:0 -> #0:0 (rawvideo (native) -> h264 (libx264))
[libx264 @ 000001ec06fdac40] using cpu capabilities: MMX2 SSE2Fast SSSE3 SSE4.2 AVX FMA3 BMI2 AVX2
[libx264 @ 000001ec06fdac40] profile High, level 1.0, 4:2:0, 8-bit
[libx264 @ 000001ec06fdac40] 264 - core 164 - H.264/MPEG-4 AVC codec - Copyleft 2003-2024 - 
http://www.videolan.org/x264.html - options: cabac=1 ref=3 deblock=1:0:0 analyse=0x3:0x113 me=hex subme=7 psy=1 
psy_rd=1.00:0.00 mixed_ref=1 me_range=16 chroma_me=1 trellis=1 8x8dct=1 cqm=0 deadzone=21,11 fast_pskip=1 
chroma_qp_offset=-2 threads=1 lookahead_threads=1 sliced_threads=0 nr=0 decimate=1 interlaced=0 bluray_compat=0 
constrained_intra=0 bframes=3 b_pyramid=2 b_adapt=1 b_bias=0 direct=1 weightb=1 open_gop=0 weightp=2 keyint=250 
keyint_min=25 scenecut=40 intra_refresh=0 rc_lookahead=40 rc=crf mbtree=1 crf=18.0 qcomp=0.60 qpmin=0 qpmax=69 
qpstep=4 ip_ratio=1.40 aq=1:1.00
Output #0, matroska, to 'C:\WINDOWS\TEMP\audio_mux.tachyon.video.4232077546800.mkv':
  Metadata:
    encoder         : Lavf61.9.100
  Stream #0:0: Video: h264 (H264 / 0x34363248), yuv420p(pc, bt709/bt709/iec61966-2-1, progressive), 8x8, q=2-31, 30 
fps, 1k tbn
    Metadata:
      encoder         : Lavc61.24.100 libx264
    Side data:
      cpb: bitrate max/min/avg: 0/0/0 buffer size: 0 vbv_delay: N/A
[out#0/matroska @ 000001ec06fd89c0] video:1KiB audio:0KiB subtitle:0KiB other streams:0KiB global headers:0KiB muxing 
overhead: 93.562232%
frame=    1 fps=0.0 q=24.0 Lsize=       1KiB time=00:00:00.03 bitrate= 324.7kbits/s speed=5.58x    
[libx264 @ 000001ec06fdac40] frame I:1     Avg QP: 9.00  size:    24
[libx264 @ 000001ec06fdac40] mb I  I16..4: 100.0%  0.0%  0.0%
[libx264 @ 000001ec06fdac40] 8x8 transform intra:0.0%
[libx264 @ 000001ec06fdac40] coded y,uvDC,uvAC intra: 0.0% 100.0% 0.0%
[libx264 @ 000001ec06fdac40] i16 v,h,dc,p:  0%  0% 100%  0%
[libx264 @ 000001ec06fdac40] i8c dc,h,v,p: 100%  0%  0%  0%
[libx264 @ 000001ec06fdac40] kb/s:5.76
ffmpeg version N-117753-g9ec042c1aa-20241111 Copyright (c) 2000-2024 the FFmpeg developers
  built with gcc 14.2.0 (crosstool-NG 1.26.0.120_4d36f27)
  configuration: --prefix=/ffbuild/prefix --pkg-config-flags=--static --pkg-config=pkg-config 
--cross-prefix=x86_64-w64-mingw32- --arch=x86_64 --target-os=mingw32 --enable-gpl --enable-version3 --disable-debug 
--disable-w32threads --enable-pthreads --enable-iconv --enable-zlib --enable-libfreetype --enable-libfribidi 
--enable-gmp --enable-libxml2 --enable-lzma --enable-fontconfig --enable-libharfbuzz --enable-libvorbis 
--enable-opencl --disable-libpulse --enable-libvmaf --disable-libxcb --disable-xlib --enable-amf --enable-libaom 
--enable-libaribb24 --enable-avisynth --enable-chromaprint --enable-libdav1d --enable-libdavs2 --enable-libdvdread 
--enable-libdvdnav --disable-libfdk-aac --enable-ffnvcodec --enable-cuda-llvm --enable-frei0r --enable-libgme 
--enable-libkvazaar --enable-libaribcaption --enable-libass --enable-libbluray --enable-libjxl --enable-libmp3lame 
--enable-libopus --enable-librist --enable-libssh --enable-libtheora --enable-libvpx --enable-libwebp --enable-libzmq 
--enable-lv2 --enable-libvpl --enable-openal --enable-libopencore-amrnb --enable-libopencore-amrwb 
--enable-libopenh264 --enable-libopenjpeg --enable-libopenmpt --enable-librav1e --enable-librubberband 
--enable-schannel --enable-sdl2 --enable-libsoxr --enable-libsrt --enable-libsvtav1 --enable-libtwolame 
--enable-libuavs3d --disable-libdrm --enable-vaapi --enable-libvidstab --enable-vulkan --enable-libshaderc 
--enable-libplacebo --enable-libvvenc --enable-libx264 --enable-libx265 --enable-libxavs2 --enable-libxvid 
--enable-libzimg --enable-libzvbi --extra-cflags=-DLIBTWOLAME_STATIC --extra-cxxflags= --extra-libs=-lgomp 
--extra-ldflags=-pthread --extra-ldexeflags= --cc=x86_64-w64-mingw32-gcc --cxx=x86_64-w64-mingw32-g++ 
--ar=x86_64-w64-mingw32-gcc-ar --ranlib=x86_64-w64-mingw32-gcc-ranlib --nm=x86_64-w64-mingw32-gcc-nm 
--extra-version=20241111
  libavutil      59. 46.100 / 59. 46.100
  libavcodec     61. 24.100 / 61. 24.100
  libavformat    61.  9.100 / 61.  9.100
  libavdevice    61.  4.100 / 61.  4.100
  libavfilter    10.  6.101 / 10.  6.101
  libswscale      8.  9.101 /  8.  9.101
  libswresample   5.  4.100 /  5.  4.100
  libpostproc    58.  4.100 / 58.  4.100
[aist#0:0/pcm_f32le @ 000001bc0b074480] Guessed Channel Layout: stereo
Input #0, f32le, from 'fd:':
  Duration: N/A, bitrate: 3072 kb/s
  Stream #0:0: Audio: pcm_f32le, 48000 Hz, stereo, flt, 3072 kb/s
Stream mapping:
  Stream #0:0 -> #0:0 (pcm_f32le (native) -> pcm_s16le (native))
Output #0, wav, to 'tests/output/frame_sink\audio_mux.tachyon.master_audio.wav':
  Metadata:
    ISFT            : Lavf61.9.100
  Stream #0:0: Audio: pcm_s16le ([1][0][0][0] / 0x0001), 48000 Hz, stereo, s16, 1536 kb/s
    Metadata:
      encoder         : Lavc61.24.100 pcm_s16le
[out#0/wav @ 000001bc0b0629c0] video:0KiB audio:188KiB subtitle:0KiB other streams:0KiB global headers:0KiB muxing 
overhead: 0.040625%
size=     188KiB time=00:00:01.00 bitrate=1536.6kbits/s speed= 376x    
ffmpeg version N-117753-g9ec042c1aa-20241111 Copyright (c) 2000-2024 the FFmpeg developers
  built with gcc 14.2.0 (crosstool-NG 1.26.0.120_4d36f27)
  configuration: --prefix=/ffbuild/prefix --pkg-config-flags=--static --pkg-config=pkg-config 
--cross-prefix=x86_64-w64-mingw32- --arch=x86_64 --target-os=mingw32 --enable-gpl --enable-version3 --disable-debug 
--disable-w32threads --enable-pthreads --enable-iconv --enable-zlib --enable-libfreetype --enable-libfribidi 
--enable-gmp --enable-libxml2 --enable-lzma --enable-fontconfig --enable-libharfbuzz --enable-libvorbis 
--enable-opencl --disable-libpulse --enable-libvmaf --disable-libxcb --disable-xlib --enable-amf --enable-libaom 
--enable-libaribb24 --enable-avisynth --enable-chromaprint --enable-libdav1d --enable-libdavs2 --enable-libdvdread 
--enable-libdvdnav --disable-libfdk-aac --enable-ffnvcodec --enable-cuda-llvm --enable-frei0r --enable-libgme 
--enable-libkvazaar --enable-libaribcaption --enable-libass --enable-libbluray --enable-libjxl --enable-libmp3lame 
--enable-libopus --enable-librist --enable-libssh --enable-libtheora --enable-libvpx --enable-libwebp --enable-libzmq 
--enable-lv2 --enable-libvpl --enable-openal --enable-libopencore-amrnb --enable-libopencore-amrwb 
--enable-libopenh264 --enable-libopenjpeg --enable-libopenmpt --enable-librav1e --enable-librubberband 
--enable-schannel --enable-sdl2 --enable-libsoxr --enable-libsrt --enable-libsvtav1 --enable-libtwolame 
--enable-libuavs3d --disable-libdrm --enable-vaapi --enable-libvidstab --enable-vulkan --enable-libshaderc 
--enable-libplacebo --enable-libvvenc --enable-libx264 --enable-libx265 --enable-libxavs2 --enable-libxvid 
--enable-libzimg --enable-libzvbi --extra-cflags=-DLIBTWOLAME_STATIC --extra-cxxflags= --extra-libs=-lgomp 
--extra-ldflags=-pthread --extra-ldexeflags= --cc=x86_64-w64-mingw32-gcc --cxx=x86_64-w64-mingw32-g++ 
--ar=x86_64-w64-mingw32-gcc-ar --ranlib=x86_64-w64-mingw32-gcc-ranlib --nm=x86_64-w64-mingw32-gcc-nm 
--extra-version=20241111
  libavutil      59. 46.100 / 59. 46.100
  libavcodec     61. 24.100 / 61. 24.100
  libavformat    61.  9.100 / 61.  9.100
  libavdevice    61.  4.100 / 61.  4.100
  libavfilter    10.  6.101 / 10.  6.101
  libswscale      8.  9.101 /  8.  9.101
  libswresample   5.  4.100 /  5.  4.100
  libpostproc    58.  4.100 / 58.  4.100
Input #0, matroska,webm, from 'C:\WINDOWS\TEMP\audio_mux.tachyon.video.4232077546800.mkv':
  Metadata:
    ENCODER         : Lavf61.9.100
  Duration: 00:00:00.03, bitrate: 328 kb/s
  Stream #0:0: Video: h264 (High), yuvj420p(pc, bt709/bt709/iec61966-2-1, progressive), 8x8, 30 fps, 30 tbr, 1k tbn
    Metadata:
      ENCODER         : Lavc61.24.100 libx264
      DURATION        : 00:00:00.033000000
[aist#1:0/pcm_s16le @ 000001faea75bf00] Guessed Channel Layout: stereo
Input #1, wav, from 'tests/output/frame_sink\audio_mux.tachyon.master_audio.wav':
  Metadata:
    encoder         : Lavf61.9.100
  Duration: 00:00:01.00, bitrate: 1536 kb/s
  Stream #1:0: Audio: pcm_s16le ([1][0][0][0] / 0x0001), 48000 Hz, stereo, s16, 1536 kb/s
Stream mapping:
  Stream #0:0 -> #0:0 (copy)
  Stream #1:0 -> #0:1 (pcm_s16le (native) -> aac (native))
Press [q] to stop, [?] for help
Output #0, mp4, to 'tests/output/frame_sink/audio_mux.mp4':
  Metadata:
    encoder         : Lavf61.9.100
  Stream #0:0: Video: h264 (High) (avc1 / 0x31637661), yuvj420p(pc, bt709/bt709/iec61966-2-1, progressive), 8x8, 
q=2-31, 30 fps, 30 tbr, 16k tbn
    Metadata:
      ENCODER         : Lavc61.24.100 libx264
      DURATION        : 00:00:00.033000000
  Stream #0:1: Audio: aac (LC) (mp4a / 0x6134706D), 48000 Hz, stereo, fltp, 128 kb/s
    Metadata:
      encoder         : Lavc61.24.100 aac
[mp4 @ 000001faea75c780] Starting second pass: moving the moov atom to the beginning of the file
[out#0/mp4 @ 000001faea773d80] video:1KiB audio:0KiB subtitle:0KiB other streams:0KiB global headers:0KiB muxing 
overhead: 196.982167%
frame=    1 fps=0.0 q=-1.0 Lsize=       2KiB time=N/A bitrate=N/A speed=N/A    
[aac @ 000001faea79a740] Qavg: 65536.000
[OK] frame_output_sink
[RUN] tile_scheduler
[OK] tile_scheduler
[RUN] render_contract
[OK] render_contract
[RUN] scene_evaluator
[OK] scene_evaluator
[RUN] render_session
[OK] render_session
[RUN] render_batch
[OK] render_batch
[RUN] parallax_cards
[OK] parallax_cards
[RUN] timeline
[OK] timeline
[RUN] glyph_cache
[OK] glyph_cache
[RUN] text
[OK] text
[RUN] effect_host
[OK] effect_host
[RUN] precomp_mask
[OK] precomp_mask
[RUN] scene_spec
ffmpeg version N-117753-g9ec042c1aa-20241111 Copyright (c) 2000-2024 the FFmpeg developers
  built with gcc 14.2.0 (crosstool-NG 1.26.0.120_4d36f27)
  configuration: --prefix=/ffbuild/prefix --pkg-config-flags=--static --pkg-config=pkg-config 
--cross-prefix=x86_64-w64-mingw32- --arch=x86_64 --target-os=mingw32 --enable-gpl --enable-version3 --disable-debug 
--disable-w32threads --enable-pthreads --enable-iconv --enable-zlib --enable-libfreetype --enable-libfribidi 
--enable-gmp --enable-libxml2 --enable-lzma --enable-fontconfig --enable-libharfbuzz --enable-libvorbis 
--enable-opencl --disable-libpulse --enable-libvmaf --disable-libxcb --disable-xlib --enable-amf --enable-libaom 
--enable-libaribb24 --enable-avisynth --enable-chromaprint --enable-libdav1d --enable-libdavs2 --enable-libdvdread 
--enable-libdvdnav --disable-libfdk-aac --enable-ffnvcodec --enable-cuda-llvm --enable-frei0r --enable-libgme 
--enable-libkvazaar --enable-libaribcaption --enable-libass --enable-libbluray --enable-libjxl --enable-libmp3lame 
--enable-libopus --enable-librist --enable-libssh --enable-libtheora --enable-libvpx --enable-libwebp --enable-libzmq 
--enable-lv2 --enable-libvpl --enable-openal --enable-libopencore-amrnb --enable-libopencore-amrwb 
--enable-libopenh264 --enable-libopenjpeg --enable-libopenmpt --enable-librav1e --enable-librubberband 
--enable-schannel --enable-sdl2 --enable-libsoxr --enable-libsrt --enable-libsvtav1 --enable-libtwolame 
--enable-libuavs3d --disable-libdrm --enable-vaapi --enable-libvidstab --enable-vulkan --enable-libshaderc 
--enable-libplacebo --enable-libvvenc --enable-libx264 --enable-libx265 --enable-libxavs2 --enable-libxvid 
--enable-libzimg --enable-libzvbi --extra-cflags=-DLIBTWOLAME_STATIC --extra-cxxflags= --extra-libs=-lgomp 
--extra-ldflags=-pthread --extra-ldexeflags= --cc=x86_64-w64-mingw32-gcc --cxx=x86_64-w64-mingw32-g++ 
--ar=x86_64-w64-mingw32-gcc-ar --ranlib=x86_64-w64-mingw32-gcc-ranlib --nm=x86_64-w64-mingw32-gcc-nm 
--extra-version=20241111
  libavutil      59. 46.100 / 59. 46.100
  libavcodec     61. 24.100 / 61. 24.100
  libavformat    61.  9.100 / 61.  9.100
  libavdevice    61.  4.100 / 61.  4.100
  libavfilter    10.  6.101 / 10.  6.101
  libswscale      8.  9.101 /  8.  9.101
  libswresample   5.  4.100 /  5.  4.100
  libpostproc    58.  4.100 / 58.  4.100
Input #0, rawvideo, from 'fd:':
  Duration: N/A, start: 0.000000, bitrate: 1990656 kb/s
  Stream #0:0: Video: rawvideo (RGBA / 0x41424752), rgba(tv, unknown/bt709/bt709), 1920x1080, 1990656 kb/s, 30 tbr, 30 
tbn
Stream mapping:
  Stream #0:0 -> #0:0 (rawvideo (native) -> h264 (libx264))
[libx264 @ 000001595a7e8fc0] using cpu capabilities: MMX2 SSE2Fast SSSE3 SSE4.2 AVX FMA3 BMI2 AVX2
[libx264 @ 000001595a7e8fc0] profile High, level 4.0, 4:2:0, 8-bit
[libx264 @ 000001595a7e8fc0] 264 - core 164 - H.264/MPEG-4 AVC codec - Copyleft 2003-2024 - 
http://www.videolan.org/x264.html - options: cabac=1 ref=3 deblock=1:0:0 analyse=0x3:0x113 me=hex subme=7 psy=1 
psy_rd=1.00:0.00 mixed_ref=1 me_range=16 chroma_me=1 trellis=1 8x8dct=1 cqm=0 deadzone=21,11 fast_pskip=1 
chroma_qp_offset=-2 threads=24 lookahead_threads=4 sliced_threads=0 nr=0 decimate=1 interlaced=0 bluray_compat=0 
constrained_intra=0 bframes=3 b_pyramid=2 b_adapt=1 b_bias=0 direct=1 weightb=1 open_gop=0 weightp=2 keyint=250 
keyint_min=25 scenecut=40 intra_refresh=0 rc_lookahead=40 rc=crf mbtree=1 crf=18.0 qcomp=0.60 qpmin=0 qpmax=69 
qpstep=4 ip_ratio=1.40 aq=1:1.00
Output #0, mp4, to 'out/intro.mp4':
  Metadata:
    encoder         : Lavf61.9.100
  Stream #0:0: Video: h264 (avc1 / 0x31637661), yuv420p(tv, bt709, progressive), 1920x1080, q=2-31, 30 fps, 15360 tbn
    Metadata:
      encoder         : Lavc61.24.100 libx264
    Side data:
      cpb: bitrate max/min/avg: 0/0/0 buffer size: 0 vbv_delay: N/A
frame=    0 fps=0.0 q=0.0 size=       0KiB time=N/A bitrate=N/A speed=N/A    
frame=    0 fps=0.0 q=0.0 size=       0KiB time=N/A bitrate=N/A speed=N/A    
frame=    0 fps=0.0 q=0.0 size=       0KiB time=N/A bitrate=N/A speed=N/A    
frame=    0 fps=0.0 q=0.0 size=       0KiB time=N/A bitrate=N/A speed=N/A    
frame=    0 fps=0.0 q=0.0 size=       0KiB time=N/A bitrate=N/A speed=N/A    
frame=    0 fps=0.0 q=0.0 size=       0KiB time=N/A bitrate=N/A speed=N/A    
frame=    0 fps=0.0 q=0.0 size=       0KiB time=N/A bitrate=N/A speed=N/A    
frame=    0 fps=0.0 q=0.0 size=       0KiB time=N/A bitrate=N/A speed=N/A    
frame=    0 fps=0.0 q=0.0 size=       0KiB time=N/A bitrate=N/A speed=N/A    
frame=    0 fps=0.0 q=0.0 size=       0KiB time=N/A bitrate=N/A speed=N/A    
frame=    0 fps=0.0 q=0.0 size=       0KiB time=N/A bitrate=N/A speed=N/A    
frame=    0 fps=0.0 q=0.0 size=       0KiB time=N/A bitrate=N/A speed=N/A    
frame=    0 fps=0.0 q=0.0 size=       0KiB time=N/A bitrate=N/A speed=N/A    
frame=    0 fps=0.0 q=0.0 size=       0KiB time=N/A bitrate=N/A speed=N/A    
frame=    0 fps=0.0 q=0.0 size=       0KiB time=N/A bitrate=N/A speed=N/A    
frame=    0 fps=0.0 q=0.0 size=       0KiB time=N/A bitrate=N/A speed=N/A    
frame=    0 fps=0.0 q=0.0 size=       0KiB time=N/A bitrate=N/A speed=N/A    
frame=    0 fps=0.0 q=0.0 size=       0KiB time=N/A bitrate=N/A speed=N/A    
frame=    0 fps=0.0 q=0.0 size=       0KiB time=N/A bitrate=N/A speed=N/A    
frame=    0 fps=0.0 q=0.0 size=       0KiB time=N/A bitrate=N/A speed=N/A    
frame=    0 fps=0.0 q=0.0 size=       0KiB time=N/A bitrate=N/A speed=N/A    
frame=    0 fps=0.0 q=0.0 size=       0KiB time=N/A bitrate=N/A speed=N/A    
frame=    0 fps=0.0 q=0.0 size=       0KiB time=N/A bitrate=N/A speed=N/A    
frame=    0 fps=0.0 q=0.0 size=       0KiB time=N/A bitrate=N/A speed=N/A    
frame=    0 fps=0.0 q=0.0 size=       0KiB time=N/A bitrate=N/A speed=N/A    
frame=    0 fps=0.0 q=0.0 size=       0KiB time=N/A bitrate=N/A speed=N/A    
frame=    0 fps=0.0 q=0.0 size=       0KiB time=N/A bitrate=N/A speed=N/A    
frame=    0 fps=0.0 q=0.0 size=       0KiB time=N/A bitrate=N/A speed=N/A    
frame=    0 fps=0.0 q=0.0 size=       0KiB time=N/A bitrate=N/A speed=N/A    
frame=    0 fps=0.0 q=0.0 size=       0KiB time=N/A bitrate=N/A speed=N/A    
frame=    0 fps=0.0 q=0.0 size=       0KiB time=N/A bitrate=N/A speed=N/A    
frame=    0 fps=0.0 q=0.0 size=       0KiB time=N/A bitrate=N/A speed=N/A    
frame=    0 fps=0.0 q=0.0 size=       0KiB time=N/A bitrate=N/A speed=N/A    
frame=    0 fps=0.0 q=0.0 size=       0KiB time=N/A bitrate=N/A speed=N/A    
frame=    0 fps=0.0 q=0.0 size=       0KiB time=N/A bitrate=N/A speed=N/A    
frame=    0 fps=0.0 q=0.0 size=       0KiB time=N/A bitrate=N/A speed=N/A    
frame=    0 fps=0.0 q=0.0 size=       0KiB time=N/A bitrate=N/A speed=N/A    
frame=    0 fps=0.0 q=0.0 size=       0KiB time=N/A bitrate=N/A speed=N/A    
frame=    0 fps=0.0 q=0.0 size=       0KiB time=N/A bitrate=N/A speed=N/A    
frame=    0 fps=0.0 q=0.0 size=       0KiB time=N/A bitrate=N/A speed=N/A    
frame=    0 fps=0.0 q=0.0 size=       0KiB time=N/A bitrate=N/A speed=N/A    
frame=    0 fps=0.0 q=0.0 size=       0KiB time=N/A bitrate=N/A speed=N/A    
frame=    0 fps=0.0 q=0.0 size=       0KiB time=N/A bitrate=N/A speed=N/A    
frame=    0 fps=0.0 q=0.0 size=       0KiB time=N/A bitrate=N/A speed=N/A    
frame=    0 fps=0.0 q=0.0 size=       0KiB time=N/A bitrate=N/A speed=N/A    
frame=    0 fps=0.0 q=0.0 size=       0KiB time=N/A bitrate=N/A speed=N/A    
frame=    0 fps=0.0 q=0.0 size=       0KiB time=N/A bitrate=N/A speed=N/A    
frame=    0 fps=0.0 q=0.0 size=       0KiB time=N/A bitrate=N/A speed=N/A    
frame=    0 fps=0.0 q=0.0 size=       0KiB time=N/A bitrate=N/A speed=N/A    
frame=    0 fps=0.0 q=0.0 size=       0KiB time=N/A bitrate=N/A speed=N/A    
frame=    0 fps=0.0 q=0.0 size=       0KiB time=N/A bitrate=N/A speed=N/A    
frame=    0 fps=0.0 q=0.0 size=       0KiB time=N/A bitrate=N/A speed=N/A    
frame=    0 fps=0.0 q=0.0 size=       0KiB time=N/A bitrate=N/A speed=N/A    
frame=    0 fps=0.0 q=0.0 size=       0KiB time=N/A bitrate=N/A speed=N/A    
frame=    0 fps=0.0 q=0.0 size=       0KiB time=N/A bitrate=N/A speed=N/A    
frame=    0 fps=0.0 q=0.0 size=       0KiB time=N/A bitrate=N/A speed=N/A    
frame=    0 fps=0.0 q=0.0 size=       0KiB time=N/A bitrate=N/A speed=N/A    
frame=    0 fps=0.0 q=0.0 size=       0KiB time=N/A bitrate=N/A speed=N/A    
frame=    0 fps=0.0 q=0.0 size=       0KiB time=N/A bitrate=N/A speed=N/A    
frame=    0 fps=0.0 q=0.0 size=       0KiB time=N/A bitrate=N/A speed=N/A    
frame=    0 fps=0.0 q=0.0 size=       0KiB time=N/A bitrate=N/A speed=N/A    
frame=    0 fps=0.0 q=0.0 size=       0KiB time=N/A bitrate=N/A speed=N/A    
frame=    0 fps=0.0 q=0.0 size=       0KiB time=N/A bitrate=N/A speed=N/A    
frame=    0 fps=0.0 q=0.0 size=       0KiB time=N/A bitrate=N/A speed=N/A    
frame=    0 fps=0.0 q=0.0 size=       0KiB time=N/A bitrate=N/A speed=N/A    
frame=    0 fps=0.0 q=0.0 size=       0KiB time=N/A bitrate=N/A speed=N/A    
frame=    0 fps=0.0 q=0.0 size=       0KiB time=N/A bitrate=N/A speed=N/A    
frame=    0 fps=0.0 q=0.0 size=       0KiB time=N/A bitrate=N/A speed=N/A    
frame=    0 fps=0.0 q=0.0 size=       0KiB time=N/A bitrate=N/A speed=N/A    
frame=    0 fps=0.0 q=0.0 size=       0KiB time=N/A bitrate=N/A speed=N/A    
frame=    0 fps=0.0 q=0.0 size=       0KiB time=N/A bitrate=N/A speed=N/A    
frame=    0 fps=0.0 q=0.0 size=       0KiB time=N/A bitrate=N/A speed=N/A    
frame=    0 fps=0.0 q=0.0 size=       0KiB time=N/A bitrate=N/A speed=N/A    
frame=    0 fps=0.0 q=0.0 size=       0KiB time=N/A bitrate=N/A speed=N/A    
frame=    0 fps=0.0 q=0.0 size=       0KiB time=N/A bitrate=N/A speed=N/A    
frame=    0 fps=0.0 q=0.0 size=       0KiB time=N/A bitrate=N/A speed=N/A    
frame=    0 fps=0.0 q=0.0 size=       0KiB time=N/A bitrate=N/A speed=N/A    
frame=    0 fps=0.0 q=0.0 size=       0KiB time=N/A bitrate=N/A speed=N/A    
frame=    0 fps=0.0 q=0.0 size=       0KiB time=N/A bitrate=N/A speed=N/A    
frame=    0 fps=0.0 q=0.0 size=       0KiB time=N/A bitrate=N/A speed=N/A    
frame=    0 fps=0.0 q=0.0 size=       0KiB time=N/A bitrate=N/A speed=N/A    
frame=    0 fps=0.0 q=0.0 size=       0KiB time=N/A bitrate=N/A speed=N/A    
frame=    0 fps=0.0 q=0.0 size=       0KiB time=N/A bitrate=N/A speed=N/A    
frame=    0 fps=0.0 q=0.0 size=       0KiB time=N/A bitrate=N/A speed=N/A    
frame=    0 fps=0.0 q=0.0 size=       0KiB time=N/A bitrate=N/A speed=N/A    
frame=    0 fps=0.0 q=0.0 size=       0KiB time=N/A bitrate=N/A speed=N/A    
frame=    0 fps=0.0 q=0.0 size=       0KiB time=N/A bitrate=N/A speed=N/A    
frame=    0 fps=0.0 q=0.0 size=       0KiB time=N/A bitrate=N/A speed=N/A    
frame=    0 fps=0.0 q=0.0 size=       0KiB time=N/A bitrate=N/A speed=N/A    
frame=    0 fps=0.0 q=0.0 size=       0KiB time=N/A bitrate=N/A speed=N/A    
frame=    0 fps=0.0 q=0.0 size=       0KiB time=N/A bitrate=N/A speed=N/A    
frame=    0 fps=0.0 q=0.0 size=       0KiB time=N/A bitrate=N/A speed=N/A    
frame=    0 fps=0.0 q=0.0 size=       0KiB time=N/A bitrate=N/A speed=N/A    
frame=    0 fps=0.0 q=0.0 size=       0KiB time=N/A bitrate=N/A speed=N/A    
frame=    0 fps=0.0 q=0.0 size=       0KiB time=N/A bitrate=N/A speed=N/A    
frame=    0 fps=0.0 q=0.0 size=       0KiB time=N/A bitrate=N/A speed=N/A    
frame=    0 fps=0.0 q=0.0 size=       0KiB time=N/A bitrate=N/A speed=N/A    
frame=    0 fps=0.0 q=0.0 size=       0KiB time=N/A bitrate=N/A speed=N/A    
frame=    0 fps=0.0 q=0.0 size=       0KiB time=N/A bitrate=N/A speed=N/A    
frame=    0 fps=0.0 q=0.0 size=       0KiB time=N/A bitrate=N/A speed=N/A    
frame=    0 fps=0.0 q=0.0 size=       0KiB time=N/A bitrate=N/A speed=N/A    
frame=    1 fps=0.0 q=24.0 size=       0KiB time=-00:00:00.03 bitrate=N/A speed=N/A    
frame=    1 fps=0.0 q=24.0 size=       0KiB time=-00:00:00.03 bitrate=N/A speed=N/A    
frame=    2 fps=0.0 q=24.0 size=       0KiB time=00:00:00.00 bitrate=N/A speed=   0x    
frame=    2 fps=0.0 q=24.0 size=       0KiB time=00:00:00.00 bitrate=N/A speed=   0x    
frame=    3 fps=0.1 q=24.0 size=       0KiB time=00:00:00.03 bitrate=  11.5kbits/s speed=0.00061x    
frame=    4 fps=0.1 q=24.0 size=       0KiB time=00:00:00.06 bitrate=   5.8kbits/s speed=0.00121x    
frame=    4 fps=0.1 q=24.0 size=       0KiB time=00:00:00.06 bitrate=   5.8kbits/s speed=0.0012x    
frame=    5 fps=0.1 q=24.0 size=       0KiB time=00:00:00.10 bitrate=   3.8kbits/s speed=0.00178x    
frame=    6 fps=0.1 q=24.0 size=       0KiB time=00:00:00.13 bitrate=   2.9kbits/s speed=0.00235x    
frame=    6 fps=0.1 q=24.0 size=       0KiB time=00:00:00.13 bitrate=   2.9kbits/s speed=0.00233x    
frame=    7 fps=0.1 q=24.0 size=       0KiB time=00:00:00.16 bitrate=   2.3kbits/s speed=0.00289x    
frame=    8 fps=0.1 q=24.0 size=       0KiB time=00:00:00.20 bitrate=   1.9kbits/s speed=0.00343x    
frame=    8 fps=0.1 q=24.0 size=       0KiB time=00:00:00.20 bitrate=   1.9kbits/s speed=0.0034x    
frame=    9 fps=0.2 q=24.0 size=       0KiB time=00:00:00.23 bitrate=   1.6kbits/s speed=0.00393x    
frame=   10 fps=0.2 q=24.0 size=       0KiB time=00:00:00.26 bitrate=   1.4kbits/s speed=0.00446x    
frame=   10 fps=0.2 q=24.0 size=       0KiB time=00:00:00.26 bitrate=   1.4kbits/s speed=0.00442x    
frame=   11 fps=0.2 q=24.0 size=       0KiB time=00:00:00.30 bitrate=   1.3kbits/s speed=0.00493x    
frame=   11 fps=0.2 q=24.0 size=       0KiB time=00:00:00.30 bitrate=   1.3kbits/s speed=0.00489x    
frame=   12 fps=0.2 q=24.0 size=       0KiB time=00:00:00.33 bitrate=   1.2kbits/s speed=0.00539x    
frame=   12 fps=0.2 q=24.0 size=       0KiB time=00:00:00.33 bitrate=   1.2kbits/s speed=0.00534x    
frame=   13 fps=0.2 q=24.0 size=       0KiB time=00:00:00.36 bitrate=   1.0kbits/s speed=0.00583x    
frame=   14 fps=0.2 q=24.0 size=       0KiB time=00:00:00.40 bitrate=   1.0kbits/s speed=0.00631x    
frame=   14 fps=0.2 q=24.0 size=       0KiB time=00:00:00.40 bitrate=   1.0kbits/s speed=0.00626x    
frame=   15 fps=0.2 q=24.0 size=       0KiB time=00:00:00.43 bitrate=   0.9kbits/s speed=0.00672x    
frame=   15 fps=0.2 q=24.0 size=       0KiB time=00:00:00.43 bitrate=   0.9kbits/s speed=0.00667x    
frame=   16 fps=0.2 q=24.0 size=       0KiB time=00:00:00.46 bitrate=   0.8kbits/s speed=0.00713x    
frame=   17 fps=0.3 q=24.0 size=       0KiB time=00:00:00.50 bitrate=   0.8kbits/s speed=0.00758x    
frame=   17 fps=0.3 q=24.0 size=       0KiB time=00:00:00.50 bitrate=   0.8kbits/s speed=0.00752x    
frame=   18 fps=0.3 q=24.0 size=       0KiB time=00:00:00.53 bitrate=   0.7kbits/s speed=0.00796x    
frame=   19 fps=0.3 q=24.0 size=       0KiB time=00:00:00.56 bitrate=   0.7kbits/s speed=0.00839x    
frame=   20 fps=0.3 q=24.0 size=       0KiB time=00:00:00.60 bitrate=   0.6kbits/s speed=0.00881x    
frame=   21 fps=0.3 q=24.0 size=       0KiB time=00:00:00.63 bitrate=   0.6kbits/s speed=0.00923x    
frame=   22 fps=0.3 q=24.0 size=       0KiB time=00:00:00.66 bitrate=   0.6kbits/s speed=0.00965x    
frame=   22 fps=0.3 q=24.0 size=       0KiB time=00:00:00.66 bitrate=   0.6kbits/s speed=0.00958x    
frame=   23 fps=0.3 q=24.0 size=       0KiB time=00:00:00.70 bitrate=   0.5kbits/s speed=0.00998x    
frame=   23 fps=0.3 q=24.0 size=       0KiB time=00:00:00.70 bitrate=   0.5kbits/s speed=0.00991x    
frame=   24 fps=0.3 q=24.0 size=       0KiB time=00:00:00.73 bitrate=   0.5kbits/s speed=0.0103x    
frame=   25 fps=0.3 q=24.0 size=       0KiB time=00:00:00.76 bitrate=   0.5kbits/s speed=0.0107x    
frame=   26 fps=0.4 q=24.0 size=       0KiB time=00:00:00.80 bitrate=   0.5kbits/s speed=0.0111x    
frame=   26 fps=0.4 q=24.0 size=       0KiB time=00:00:00.80 bitrate=   0.5kbits/s speed=0.011x    
frame=   27 fps=0.4 q=24.0 size=       0KiB time=00:00:00.83 bitrate=   0.5kbits/s speed=0.0114x    
frame=   27 fps=0.4 q=24.0 size=       0KiB time=00:00:00.83 bitrate=   0.5kbits/s speed=0.0113x    
frame=   28 fps=0.4 q=24.0 size=       0KiB time=00:00:00.86 bitrate=   0.4kbits/s speed=0.0117x    
frame=   29 fps=0.4 q=24.0 size=       0KiB time=00:00:00.90 bitrate=   0.4kbits/s speed=0.012x    
frame=   29 fps=0.4 q=24.0 size=       0KiB time=00:00:00.90 bitrate=   0.4kbits/s speed=0.012x    
frame=   30 fps=0.4 q=24.0 size=       0KiB time=00:00:00.93 bitrate=   0.4kbits/s speed=0.0123x    
frame=   31 fps=0.4 q=24.0 size=       0KiB time=00:00:00.96 bitrate=   0.4kbits/s speed=0.0127x    
frame=   31 fps=0.4 q=24.0 size=       0KiB time=00:00:00.96 bitrate=   0.4kbits/s speed=0.0126x    
frame=   32 fps=0.4 q=24.0 size=       0KiB time=00:00:01.00 bitrate=   0.4kbits/s speed=0.0129x    
frame=   32 fps=0.4 q=24.0 size=       0KiB time=00:00:01.00 bitrate=   0.4kbits/s speed=0.0128x    
frame=   33 fps=0.4 q=24.0 size=       0KiB time=00:00:01.03 bitrate=   0.4kbits/s speed=0.0132x    
frame=   33 fps=0.4 q=24.0 size=       0KiB time=00:00:01.03 bitrate=   0.4kbits/s speed=0.0131x    
frame=   34 fps=0.4 q=24.0 size=       0KiB time=00:00:01.06 bitrate=   0.4kbits/s speed=0.0134x    
frame=   35 fps=0.4 q=24.0 size=       0KiB time=00:00:01.10 bitrate=   0.3kbits/s speed=0.0138x    
frame=   35 fps=0.4 q=24.0 size=       0KiB time=00:00:01.10 bitrate=   0.3kbits/s speed=0.0137x    
frame=   36 fps=0.4 q=24.0 size=       0KiB time=00:00:01.13 bitrate=   0.3kbits/s speed=0.014x    
frame=   37 fps=0.5 q=24.0 size=       0KiB time=00:00:01.16 bitrate=   0.3kbits/s speed=0.0143x    
frame=   37 fps=0.5 q=24.0 size=       0KiB time=00:00:01.16 bitrate=   0.3kbits/s speed=0.0142x    
frame=   38 fps=0.5 q=24.0 size=       0KiB time=00:00:01.20 bitrate=   0.3kbits/s speed=0.0145x    
frame=   38 fps=0.5 q=24.0 size=       0KiB time=00:00:01.20 bitrate=   0.3kbits/s speed=0.0145x    
frame=   39 fps=0.5 q=24.0 size=       0KiB time=00:00:01.23 bitrate=   0.3kbits/s speed=0.0148x    
frame=   40 fps=0.5 q=24.0 size=       0KiB time=00:00:01.26 bitrate=   0.3kbits/s speed=0.0151x    
frame=   41 fps=0.5 q=24.0 size=       0KiB time=00:00:01.30 bitrate=   0.3kbits/s speed=0.0154x    
frame=   41 fps=0.5 q=24.0 size=       0KiB time=00:00:01.30 bitrate=   0.3kbits/s speed=0.0153x    
frame=   42 fps=0.5 q=24.0 size=       0KiB time=00:00:01.33 bitrate=   0.3kbits/s speed=0.0156x    
frame=   42 fps=0.5 q=24.0 size=       0KiB time=00:00:01.33 bitrate=   0.3kbits/s speed=0.0155x    
frame=   43 fps=0.5 q=24.0 size=       0KiB time=00:00:01.36 bitrate=   0.3kbits/s speed=0.0158x    
frame=   43 fps=0.5 q=24.0 size=       0KiB time=00:00:01.36 bitrate=   0.3kbits/s speed=0.0157x    
frame=   44 fps=0.5 q=24.0 size=       0KiB time=00:00:01.40 bitrate=   0.3kbits/s speed=0.016x    
frame=   45 fps=0.5 q=24.0 size=       0KiB time=00:00:01.43 bitrate=   0.3kbits/s speed=0.0163x    
frame=   45 fps=0.5 q=24.0 size=       0KiB time=00:00:01.43 bitrate=   0.3kbits/s speed=0.0162x    
frame=   46 fps=0.5 q=24.0 size=       0KiB time=00:00:01.46 bitrate=   0.3kbits/s speed=0.0164x    
frame=   47 fps=0.5 q=24.0 size=       0KiB time=00:00:01.50 bitrate=   0.3kbits/s speed=0.0167x    
frame=   47 fps=0.5 q=24.0 size=       0KiB time=00:00:01.50 bitrate=   0.3kbits/s speed=0.0166x    
frame=   48 fps=0.5 q=24.0 size=       0KiB time=00:00:01.53 bitrate=   0.3kbits/s speed=0.0169x    
frame=   49 fps=0.5 q=24.0 size=       0KiB time=00:00:01.56 bitrate=   0.2kbits/s speed=0.0172x    
frame=   49 fps=0.5 q=24.0 size=       0KiB time=00:00:01.56 bitrate=   0.2kbits/s speed=0.0171x    
frame=   50 fps=0.5 q=24.0 size=       0KiB time=00:00:01.60 bitrate=   0.2kbits/s speed=0.0173x    
frame=   51 fps=0.5 q=24.0 size=       0KiB time=00:00:01.63 bitrate=   0.2kbits/s speed=0.0176x    
frame=   51 fps=0.5 q=24.0 size=       0KiB time=00:00:01.63 bitrate=   0.2kbits/s speed=0.0175x    
frame=   52 fps=0.6 q=24.0 size=       0KiB time=00:00:01.66 bitrate=   0.2kbits/s speed=0.0178x    
frame=   52 fps=0.6 q=24.0 size=       0KiB time=00:00:01.66 bitrate=   0.2kbits/s speed=0.0177x    
[mp4 @ 000001595a7e7200] Starting second pass: moving the moov atom to the beginning of the file
[out#0/mp4 @ 000001595a7e5980] video:9KiB audio:0KiB subtitle:0KiB other streams:0KiB global headers:0KiB muxing 
overhead: 24.342929%
frame=  121 fps=1.3 q=-1.0 Lsize=      12KiB time=00:00:03.96 bitrate=  24.0kbits/s speed=0.0419x    
[libx264 @ 000001595a7e8fc0] frame I:1     Avg QP: 5.00  size:   430
[libx264 @ 000001595a7e8fc0] frame P:30    Avg QP: 5.17  size:    77
[libx264 @ 000001595a7e8fc0] frame B:90    Avg QP: 8.67  size:    69
[libx264 @ 000001595a7e8fc0] consecutive B-frames:  0.8%  0.0%  0.0% 99.2%
[libx264 @ 000001595a7e8fc0] mb I  I16..4: 100.0%  0.0%  0.0%
[libx264 @ 000001595a7e8fc0] mb P  I16..4:  0.0%  0.0%  0.0%  P16..4:  0.0%  0.0%  0.0%  0.0%  0.0%    skip:100.0%
[libx264 @ 000001595a7e8fc0] mb B  I16..4:  0.0%  0.0%  0.0%  B16..8:  0.0%  0.0%  0.0%  direct: 0.0%  skip:100.0%
[libx264 @ 000001595a7e8fc0] 8x8 transform intra:0.0%
[libx264 @ 000001595a7e8fc0] coded y,uvDC,uvAC intra: 0.0% 0.0% 0.0% inter: 0.0% 0.0% 0.0%
[libx264 @ 000001595a7e8fc0] i16 v,h,dc,p: 99%  0%  1%  0%
[libx264 @ 000001595a7e8fc0] i8c dc,h,v,p: 100%  0%  0%  0%
[libx264 @ 000001595a7e8fc0] Weighted P-Frames: Y:0.0% UV:0.0%
[libx264 @ 000001595a7e8fc0] kb/s:17.68
ffmpeg version N-117753-g9ec042c1aa-20241111 Copyright (c) 2000-2024 the FFmpeg developers
  built with gcc 14.2.0 (crosstool-NG 1.26.0.120_4d36f27)
  configuration: --prefix=/ffbuild/prefix --pkg-config-flags=--static --pkg-config=pkg-config 
--cross-prefix=x86_64-w64-mingw32- --arch=x86_64 --target-os=mingw32 --enable-gpl --enable-version3 --disable-debug 
--disable-w32threads --enable-pthreads --enable-iconv --enable-zlib --enable-libfreetype --enable-libfribidi 
--enable-gmp --enable-libxml2 --enable-lzma --enable-fontconfig --enable-libharfbuzz --enable-libvorbis 
--enable-opencl --disable-libpulse --enable-libvmaf --disable-libxcb --disable-xlib --enable-amf --enable-libaom 
--enable-libaribb24 --enable-avisynth --enable-chromaprint --enable-libdav1d --enable-libdavs2 --enable-libdvdread 
--enable-libdvdnav --disable-libfdk-aac --enable-ffnvcodec --enable-cuda-llvm --enable-frei0r --enable-libgme 
--enable-libkvazaar --enable-libaribcaption --enable-libass --enable-libbluray --enable-libjxl --enable-libmp3lame 
--enable-libopus --enable-librist --enable-libssh --enable-libtheora --enable-libvpx --enable-libwebp --enable-libzmq 
--enable-lv2 --enable-libvpl --enable-openal --enable-libopencore-amrnb --enable-libopencore-amrwb 
--enable-libopenh264 --enable-libopenjpeg --enable-libopenmpt --enable-librav1e --enable-librubberband 
--enable-schannel --enable-sdl2 --enable-libsoxr --enable-libsrt --enable-libsvtav1 --enable-libtwolame 
--enable-libuavs3d --disable-libdrm --enable-vaapi --enable-libvidstab --enable-vulkan --enable-libshaderc 
--enable-libplacebo --enable-libvvenc --enable-libx264 --enable-libx265 --enable-libxavs2 --enable-libxvid 
--enable-libzimg --enable-libzvbi --extra-cflags=-DLIBTWOLAME_STATIC --extra-cxxflags= --extra-libs=-lgomp 
--extra-ldflags=-pthread --extra-ldexeflags= --cc=x86_64-w64-mingw32-gcc --cxx=x86_64-w64-mingw32-g++ 
--ar=x86_64-w64-mingw32-gcc-ar --ranlib=x86_64-w64-mingw32-gcc-ranlib --nm=x86_64-w64-mingw32-gcc-nm 
--extra-version=20241111
  libavutil      59. 46.100 / 59. 46.100
  libavcodec     61. 24.100 / 61. 24.100
  libavformat    61.  9.100 / 61.  9.100
  libavdevice    61.  4.100 / 61.  4.100
  libavfilter    10.  6.101 / 10.  6.101
  libswscale      8.  9.101 /  8.  9.101
  libswresample   5.  4.100 /  5.  4.100
  libpostproc    58.  4.100 / 58.  4.100
Input #0, rawvideo, from 'fd:':
  Duration: N/A, start: 0.000000, bitrate: 1990656 kb/s
  Stream #0:0: Video: rawvideo (RGBA / 0x41424752), rgba(tv, unknown/bt709/bt709), 1920x1080, 1990656 kb/s, 30 tbr, 30 
tbn
Stream mapping:
  Stream #0:0 -> #0:0 (rawvideo (native) -> h264 (libx264))
[libx264 @ 00000225ff21a900] using cpu capabilities: MMX2 SSE2Fast SSSE3 SSE4.2 AVX FMA3 BMI2 AVX2
[libx264 @ 00000225ff21a900] profile High, level 4.0, 4:2:0, 8-bit
[libx264 @ 00000225ff21a900] 264 - core 164 - H.264/MPEG-4 AVC codec - Copyleft 2003-2024 - 
http://www.videolan.org/x264.html - options: cabac=1 ref=3 deblock=1:0:0 analyse=0x3:0x113 me=hex subme=7 psy=1 
psy_rd=1.00:0.00 mixed_ref=1 me_range=16 chroma_me=1 trellis=1 8x8dct=1 cqm=0 deadzone=21,11 fast_pskip=1 
chroma_qp_offset=-2 threads=24 lookahead_threads=4 sliced_threads=0 nr=0 decimate=1 interlaced=0 bluray_compat=0 
constrained_intra=0 bframes=3 b_pyramid=2 b_adapt=1 b_bias=0 direct=1 weightb=1 open_gop=0 weightp=2 keyint=250 
keyint_min=25 scenecut=40 intra_refresh=0 rc_lookahead=40 rc=crf mbtree=1 crf=18.0 qcomp=0.60 qpmin=0 qpmax=69 
qpstep=4 ip_ratio=1.40 aq=1:1.00
Output #0, mp4, to 'out/intro.mp4':
  Metadata:
    encoder         : Lavf61.9.100
  Stream #0:0: Video: h264 (avc1 / 0x31637661), yuv420p(tv, bt709, progressive), 1920x1080, q=2-31, 30 fps, 15360 tbn
    Metadata:
      encoder         : Lavc61.24.100 libx264
    Side data:
      cpb: bitrate max/min/avg: 0/0/0 buffer size: 0 vbv_delay: N/A
frame=    0 fps=0.0 q=0.0 size=       0KiB time=N/A bitrate=N/A speed=N/A    
frame=    0 fps=0.0 q=0.0 size=       0KiB time=N/A bitrate=N/A speed=N/A    
frame=    0 fps=0.0 q=0.0 size=       0KiB time=N/A bitrate=N/A speed=N/A    
frame=    0 fps=0.0 q=0.0 size=       0KiB time=N/A bitrate=N/A speed=N/A    
frame=    0 fps=0.0 q=0.0 size=       0KiB time=N/A bitrate=N/A speed=N/A    
frame=    0 fps=0.0 q=0.0 size=       0KiB time=N/A bitrate=N/A speed=N/A    
frame=    0 fps=0.0 q=0.0 size=       0KiB time=N/A bitrate=N/A speed=N/A    
frame=    0 fps=0.0 q=0.0 size=       0KiB time=N/A bitrate=N/A speed=N/A    
frame=    0 fps=0.0 q=0.0 size=       0KiB time=N/A bitrate=N/A speed=N/A    
frame=    0 fps=0.0 q=0.0 size=       0KiB time=N/A bitrate=N/A speed=N/A    
frame=    0 fps=0.0 q=0.0 size=       0KiB time=N/A bitrate=N/A speed=N/A    
frame=    0 fps=0.0 q=0.0 size=       0KiB time=N/A bitrate=N/A speed=N/A    
frame=    0 fps=0.0 q=0.0 size=       0KiB time=N/A bitrate=N/A speed=N/A    
frame=    0 fps=0.0 q=0.0 size=       0KiB time=N/A bitrate=N/A speed=N/A    
frame=    0 fps=0.0 q=0.0 size=       0KiB time=N/A bitrate=N/A speed=N/A    
frame=    0 fps=0.0 q=0.0 size=       0KiB time=N/A bitrate=N/A speed=N/A    
frame=    0 fps=0.0 q=0.0 size=       0KiB time=N/A bitrate=N/A speed=N/A    
frame=    0 fps=0.0 q=0.0 size=       0KiB time=N/A bitrate=N/A speed=N/A    
frame=    0 fps=0.0 q=0.0 size=       0KiB time=N/A bitrate=N/A speed=N/A    
frame=    0 fps=0.0 q=0.0 size=       0KiB time=N/A bitrate=N/A speed=N/A    
frame=    0 fps=0.0 q=0.0 size=       0KiB time=N/A bitrate=N/A speed=N/A    
frame=    0 fps=0.0 q=0.0 size=       0KiB time=N/A bitrate=N/A speed=N/A    
frame=    0 fps=0.0 q=0.0 size=       0KiB time=N/A bitrate=N/A speed=N/A    
frame=    0 fps=0.0 q=0.0 size=       0KiB time=N/A bitrate=N/A speed=N/A    
frame=    0 fps=0.0 q=0.0 size=       0KiB time=N/A bitrate=N/A speed=N/A    
frame=    0 fps=0.0 q=0.0 size=       0KiB time=N/A bitrate=N/A speed=N/A    
frame=    0 fps=0.0 q=0.0 size=       0KiB time=N/A bitrate=N/A speed=N/A    
frame=    0 fps=0.0 q=0.0 size=       0KiB time=N/A bitrate=N/A speed=N/A    
frame=    0 fps=0.0 q=0.0 size=       0KiB time=N/A bitrate=N/A speed=N/A    
frame=    0 fps=0.0 q=0.0 size=       0KiB time=N/A bitrate=N/A speed=N/A    
frame=    0 fps=0.0 q=0.0 size=       0KiB time=N/A bitrate=N/A speed=N/A    
frame=    0 fps=0.0 q=0.0 size=       0KiB time=N/A bitrate=N/A speed=N/A    
frame=    0 fps=0.0 q=0.0 size=       0KiB time=N/A bitrate=N/A speed=N/A    
frame=    0 fps=0.0 q=0.0 size=       0KiB time=N/A bitrate=N/A speed=N/A    
frame=    0 fps=0.0 q=0.0 size=       0KiB time=N/A bitrate=N/A speed=N/A    
frame=    0 fps=0.0 q=0.0 size=       0KiB time=N/A bitrate=N/A speed=N/A    
frame=    0 fps=0.0 q=0.0 size=       0KiB time=N/A bitrate=N/A speed=N/A    
frame=    0 fps=0.0 q=0.0 size=       0KiB time=N/A bitrate=N/A speed=N/A    
frame=    0 fps=0.0 q=0.0 size=       0KiB time=N/A bitrate=N/A speed=N/A    
frame=    0 fps=0.0 q=0.0 size=       0KiB time=N/A bitrate=N/A speed=N/A    
frame=    0 fps=0.0 q=0.0 size=       0KiB time=N/A bitrate=N/A speed=N/A    
frame=    0 fps=0.0 q=0.0 size=       0KiB time=N/A bitrate=N/A speed=N/A    
frame=    0 fps=0.0 q=0.0 size=       0KiB time=N/A bitrate=N/A speed=N/A    
frame=    0 fps=0.0 q=0.0 size=       0KiB time=N/A bitrate=N/A speed=N/A    
frame=    0 fps=0.0 q=0.0 size=       0KiB time=N/A bitrate=N/A speed=N/A    
frame=    0 fps=0.0 q=0.0 size=       0KiB time=N/A bitrate=N/A speed=N/A    
frame=    0 fps=0.0 q=0.0 size=       0KiB time=N/A bitrate=N/A speed=N/A    
frame=    0 fps=0.0 q=0.0 size=       0KiB time=N/A bitrate=N/A speed=N/A    
frame=    0 fps=0.0 q=0.0 size=       0KiB time=N/A bitrate=N/A speed=N/A    
frame=    0 fps=0.0 q=0.0 size=       0KiB time=N/A bitrate=N/A speed=N/A    
frame=    0 fps=0.0 q=0.0 size=       0KiB time=N/A bitrate=N/A speed=N/A    
frame=    0 fps=0.0 q=0.0 size=       0KiB time=N/A bitrate=N/A speed=N/A    
frame=    0 fps=0.0 q=0.0 size=       0KiB time=N/A bitrate=N/A speed=N/A    
frame=    0 fps=0.0 q=0.0 size=       0KiB time=N/A bitrate=N/A speed=N/A    
frame=    0 fps=0.0 q=0.0 size=       0KiB time=N/A bitrate=N/A speed=N/A    
frame=    0 fps=0.0 q=0.0 size=       0KiB time=N/A bitrate=N/A speed=N/A    
frame=    0 fps=0.0 q=0.0 size=       0KiB time=N/A bitrate=N/A speed=N/A    
frame=    0 fps=0.0 q=0.0 size=       0KiB time=N/A bitrate=N/A speed=N/A    
frame=    0 fps=0.0 q=0.0 size=       0KiB time=N/A bitrate=N/A speed=N/A    
frame=    0 fps=0.0 q=0.0 size=       0KiB time=N/A bitrate=N/A speed=N/A    
frame=    0 fps=0.0 q=0.0 size=       0KiB time=N/A bitrate=N/A speed=N/A    
frame=    0 fps=0.0 q=0.0 size=       0KiB time=N/A bitrate=N/A speed=N/A    
frame=    0 fps=0.0 q=0.0 size=       0KiB time=N/A bitrate=N/A speed=N/A    
frame=    0 fps=0.0 q=0.0 size=       0KiB time=N/A bitrate=N/A speed=N/A    
frame=    0 fps=0.0 q=0.0 size=       0KiB time=N/A bitrate=N/A speed=N/A    
frame=    0 fps=0.0 q=0.0 size=       0KiB time=N/A bitrate=N/A speed=N/A    
frame=    0 fps=0.0 q=0.0 size=       0KiB time=N/A bitrate=N/A speed=N/A    
frame=    0 fps=0.0 q=0.0 size=       0KiB time=N/A bitrate=N/A speed=N/A    
frame=    0 fps=0.0 q=0.0 size=       0KiB time=N/A bitrate=N/A speed=N/A    
frame=    0 fps=0.0 q=0.0 size=       0KiB time=N/A bitrate=N/A speed=N/A    
frame=    0 fps=0.0 q=0.0 size=       0KiB time=N/A bitrate=N/A speed=N/A    
frame=    0 fps=0.0 q=0.0 size=       0KiB time=N/A bitrate=N/A speed=N/A    
frame=    0 fps=0.0 q=0.0 size=       0KiB time=N/A bitrate=N/A speed=N/A    
frame=    0 fps=0.0 q=0.0 size=       0KiB time=N/A bitrate=N/A speed=N/A    
frame=    0 fps=0.0 q=0.0 size=       0KiB time=N/A bitrate=N/A speed=N/A    
frame=    0 fps=0.0 q=0.0 size=       0KiB time=N/A bitrate=N/A speed=N/A    
frame=    0 fps=0.0 q=0.0 size=       0KiB time=N/A bitrate=N/A speed=N/A    
frame=    0 fps=0.0 q=0.0 size=       0KiB time=N/A bitrate=N/A speed=N/A    
frame=    0 fps=0.0 q=0.0 size=       0KiB time=N/A bitrate=N/A speed=N/A    
frame=    0 fps=0.0 q=0.0 size=       0KiB time=N/A bitrate=N/A speed=N/A    
frame=    0 fps=0.0 q=0.0 size=       0KiB time=N/A bitrate=N/A speed=N/A    
frame=    0 fps=0.0 q=0.0 size=       0KiB time=N/A bitrate=N/A speed=N/A    
frame=    0 fps=0.0 q=0.0 size=       0KiB time=N/A bitrate=N/A speed=N/A    
frame=    0 fps=0.0 q=0.0 size=       0KiB time=N/A bitrate=N/A speed=N/A    
frame=    0 fps=0.0 q=0.0 size=       0KiB time=N/A bitrate=N/A speed=N/A    
frame=    0 fps=0.0 q=0.0 size=       0KiB time=N/A bitrate=N/A speed=N/A    
frame=    0 fps=0.0 q=0.0 size=       0KiB time=N/A bitrate=N/A speed=N/A    
frame=    0 fps=0.0 q=0.0 size=       0KiB time=N/A bitrate=N/A speed=N/A    
frame=    0 fps=0.0 q=0.0 size=       0KiB time=N/A bitrate=N/A speed=N/A    
frame=    0 fps=0.0 q=0.0 size=       0KiB time=N/A bitrate=N/A speed=N/A    
frame=    0 fps=0.0 q=0.0 size=       0KiB time=N/A bitrate=N/A speed=N/A    
frame=    0 fps=0.0 q=0.0 size=       0KiB time=N/A bitrate=N/A speed=N/A    
frame=    0 fps=0.0 q=0.0 size=       0KiB time=N/A bitrate=N/A speed=N/A    
frame=    0 fps=0.0 q=0.0 size=       0KiB time=N/A bitrate=N/A speed=N/A    
frame=    0 fps=0.0 q=0.0 size=       0KiB time=N/A bitrate=N/A speed=N/A    
frame=    0 fps=0.0 q=0.0 size=       0KiB time=N/A bitrate=N/A speed=N/A    
frame=    0 fps=0.0 q=0.0 size=       0KiB time=N/A bitrate=N/A speed=N/A    
frame=    0 fps=0.0 q=0.0 size=       0KiB time=N/A bitrate=N/A speed=N/A    
frame=    0 fps=0.0 q=0.0 size=       0KiB time=N/A bitrate=N/A speed=N/A    
frame=    0 fps=0.0 q=0.0 size=       0KiB time=N/A bitrate=N/A speed=N/A    
frame=    0 fps=0.0 q=0.0 size=       0KiB time=N/A bitrate=N/A speed=N/A    
frame=    0 fps=0.0 q=0.0 size=       0KiB time=N/A bitrate=N/A speed=N/A    
frame=    0 fps=0.0 q=0.0 size=       0KiB time=N/A bitrate=N/A speed=N/A    
frame=    0 fps=0.0 q=0.0 size=       0KiB time=N/A bitrate=N/A speed=N/A    
frame=    0 fps=0.0 q=0.0 size=       0KiB time=N/A bitrate=N/A speed=N/A    
frame=    0 fps=0.0 q=0.0 size=       0KiB time=N/A bitrate=N/A speed=N/A    
frame=    0 fps=0.0 q=0.0 size=       0KiB time=N/A bitrate=N/A speed=N/A    
frame=    0 fps=0.0 q=0.0 size=       0KiB time=N/A bitrate=N/A speed=N/A    
frame=    0 fps=0.0 q=0.0 size=       0KiB time=N/A bitrate=N/A speed=N/A    
frame=    0 fps=0.0 q=0.0 size=       0KiB time=N/A bitrate=N/A speed=N/A    
frame=    1 fps=0.0 q=24.0 size=       0KiB time=-00:00:00.03 bitrate=N/A speed=N/A    
frame=    1 fps=0.0 q=24.0 size=       0KiB time=-00:00:00.03 bitrate=N/A speed=N/A    
frame=    2 fps=0.0 q=24.0 size=       0KiB time=00:00:00.00 bitrate=N/A speed=   0x    
frame=    2 fps=0.0 q=24.0 size=       0KiB time=00:00:00.00 bitrate=N/A speed=   0x    
frame=    3 fps=0.1 q=24.0 size=       0KiB time=00:00:00.03 bitrate=  11.5kbits/s speed=0.000562x    
frame=    4 fps=0.1 q=24.0 size=       0KiB time=00:00:00.06 bitrate=   5.8kbits/s speed=0.00111x    
frame=    4 fps=0.1 q=24.0 size=       0KiB time=00:00:00.06 bitrate=   5.8kbits/s speed=0.0011x    
frame=    5 fps=0.1 q=24.0 size=       0KiB time=00:00:00.10 bitrate=   3.8kbits/s speed=0.00164x    
frame=    6 fps=0.1 q=24.0 size=       0KiB time=00:00:00.13 bitrate=   2.9kbits/s speed=0.00217x    
frame=    6 fps=0.1 q=24.0 size=       0KiB time=00:00:00.13 bitrate=   2.9kbits/s speed=0.00215x    
frame=    7 fps=0.1 q=24.0 size=       0KiB time=00:00:00.16 bitrate=   2.3kbits/s speed=0.00267x    
frame=    7 fps=0.1 q=24.0 size=       0KiB time=00:00:00.16 bitrate=   2.3kbits/s speed=0.00265x    
frame=    8 fps=0.1 q=24.0 size=       0KiB time=00:00:00.20 bitrate=   1.9kbits/s speed=0.00315x    
frame=    9 fps=0.1 q=24.0 size=       0KiB time=00:00:00.23 bitrate=   1.6kbits/s speed=0.00365x    
frame=    9 fps=0.1 q=24.0 size=       0KiB time=00:00:00.23 bitrate=   1.6kbits/s speed=0.00362x    
frame=   10 fps=0.2 q=24.0 size=       0KiB time=00:00:00.26 bitrate=   1.4kbits/s speed=0.0041x    
frame=   10 fps=0.2 q=24.0 size=       0KiB time=00:00:00.26 bitrate=   1.4kbits/s speed=0.00407x    
frame=   11 fps=0.2 q=24.0 size=       0KiB time=00:00:00.30 bitrate=   1.3kbits/s speed=0.00454x    
frame=   12 fps=0.2 q=24.0 size=       0KiB time=00:00:00.33 bitrate=   1.2kbits/s speed=0.00501x    
frame=   12 fps=0.2 q=24.0 size=       0KiB time=00:00:00.33 bitrate=   1.2kbits/s speed=0.00497x    
frame=   13 fps=0.2 q=24.0 size=       0KiB time=00:00:00.36 bitrate=   1.0kbits/s speed=0.00543x    
frame=   14 fps=0.2 q=24.0 size=       0KiB time=00:00:00.40 bitrate=   1.0kbits/s speed=0.00587x    
frame=   14 fps=0.2 q=24.0 size=       0KiB time=00:00:00.40 bitrate=   1.0kbits/s speed=0.00583x    
frame=   15 fps=0.2 q=24.0 size=       0KiB time=00:00:00.43 bitrate=   0.9kbits/s speed=0.00627x    
frame=   16 fps=0.2 q=24.0 size=       0KiB time=00:00:00.46 bitrate=   0.8kbits/s speed=0.0067x    
frame=   16 fps=0.2 q=24.0 size=       0KiB time=00:00:00.46 bitrate=   0.8kbits/s speed=0.00665x    
frame=   17 fps=0.2 q=24.0 size=       0KiB time=00:00:00.50 bitrate=   0.8kbits/s speed=0.00707x    
frame=   18 fps=0.3 q=24.0 size=       0KiB time=00:00:00.53 bitrate=   0.7kbits/s speed=0.00749x    
frame=   18 fps=0.3 q=24.0 size=       0KiB time=00:00:00.53 bitrate=   0.7kbits/s speed=0.00744x    
frame=   19 fps=0.3 q=24.0 size=       0KiB time=00:00:00.56 bitrate=   0.7kbits/s speed=0.00785x    
frame=   20 fps=0.3 q=24.0 size=       0KiB time=00:00:00.60 bitrate=   0.6kbits/s speed=0.00825x    
frame=   20 fps=0.3 q=24.0 size=       0KiB time=00:00:00.60 bitrate=   0.6kbits/s speed=0.00819x    
frame=   21 fps=0.3 q=24.0 size=       0KiB time=00:00:00.63 bitrate=   0.6kbits/s speed=0.00859x    
frame=   22 fps=0.3 q=24.0 size=       0KiB time=00:00:00.66 bitrate=   0.6kbits/s speed=0.00897x    
frame=   22 fps=0.3 q=24.0 size=       0KiB time=00:00:00.66 bitrate=   0.6kbits/s speed=0.00891x    
frame=   23 fps=0.3 q=24.0 size=       0KiB time=00:00:00.70 bitrate=   0.5kbits/s speed=0.0093x    
frame=   23 fps=0.3 q=24.0 size=       0KiB time=00:00:00.70 bitrate=   0.5kbits/s speed=0.00923x    
frame=   24 fps=0.3 q=24.0 size=       0KiB time=00:00:00.73 bitrate=   0.5kbits/s speed=0.0096x    
frame=   25 fps=0.3 q=24.0 size=       0KiB time=00:00:00.76 bitrate=   0.5kbits/s speed=0.00997x    
frame=   25 fps=0.3 q=24.0 size=       0KiB time=00:00:00.76 bitrate=   0.5kbits/s speed=0.00991x    
frame=   26 fps=0.3 q=24.0 size=       0KiB time=00:00:00.80 bitrate=   0.5kbits/s speed=0.0103x    
frame=   27 fps=0.3 q=24.0 size=       0KiB time=00:00:00.83 bitrate=   0.5kbits/s speed=0.0106x    
frame=   27 fps=0.3 q=24.0 size=       0KiB time=00:00:00.83 bitrate=   0.5kbits/s speed=0.0106x    
frame=   28 fps=0.4 q=24.0 size=       0KiB time=00:00:00.86 bitrate=   0.4kbits/s speed=0.0109x    
frame=   28 fps=0.4 q=24.0 size=       0KiB time=00:00:00.86 bitrate=   0.4kbits/s speed=0.0108x    
frame=   29 fps=0.4 q=24.0 size=       0KiB time=00:00:00.90 bitrate=   0.4kbits/s speed=0.0112x    
frame=   29 fps=0.4 q=24.0 size=       0KiB time=00:00:00.90 bitrate=   0.4kbits/s speed=0.0111x    
frame=   30 fps=0.4 q=24.0 size=       0KiB time=00:00:00.93 bitrate=   0.4kbits/s speed=0.0115x    
frame=   31 fps=0.4 q=24.0 size=       0KiB time=00:00:00.96 bitrate=   0.4kbits/s speed=0.0118x    
frame=   31 fps=0.4 q=24.0 size=       0KiB time=00:00:00.96 bitrate=   0.4kbits/s speed=0.0117x    
frame=   32 fps=0.4 q=24.0 size=       0KiB time=00:00:01.00 bitrate=   0.4kbits/s speed=0.012x    
frame=   32 fps=0.4 q=24.0 size=       0KiB time=00:00:01.00 bitrate=   0.4kbits/s speed=0.012x    
frame=   33 fps=0.4 q=24.0 size=       0KiB time=00:00:01.03 bitrate=   0.4kbits/s speed=0.0123x    
frame=   34 fps=0.4 q=24.0 size=       0KiB time=00:00:01.06 bitrate=   0.4kbits/s speed=0.0126x    
frame=   34 fps=0.4 q=24.0 size=       0KiB time=00:00:01.06 bitrate=   0.4kbits/s speed=0.0125x    
frame=   35 fps=0.4 q=24.0 size=       0KiB time=00:00:01.10 bitrate=   0.3kbits/s speed=0.0128x    
frame=   36 fps=0.4 q=24.0 size=       0KiB time=00:00:01.13 bitrate=   0.3kbits/s speed=0.0132x    
frame=   36 fps=0.4 q=24.0 size=       0KiB time=00:00:01.13 bitrate=   0.3kbits/s speed=0.0131x    
frame=   37 fps=0.4 q=24.0 size=       0KiB time=00:00:01.16 bitrate=   0.3kbits/s speed=0.0134x    
frame=   37 fps=0.4 q=24.0 size=       0KiB time=00:00:01.16 bitrate=   0.3kbits/s speed=0.0133x    
frame=   38 fps=0.4 q=24.0 size=       0KiB time=00:00:01.20 bitrate=   0.3kbits/s speed=0.0136x    
frame=   39 fps=0.4 q=24.0 size=       0KiB time=00:00:01.23 bitrate=   0.3kbits/s speed=0.0139x    
frame=   39 fps=0.4 q=24.0 size=       0KiB time=00:00:01.23 bitrate=   0.3kbits/s speed=0.0138x    
frame=   40 fps=0.4 q=24.0 size=       0KiB time=00:00:01.26 bitrate=   0.3kbits/s speed=0.0141x    
frame=   41 fps=0.5 q=24.0 size=       0KiB time=00:00:01.30 bitrate=   0.3kbits/s speed=0.0144x    
frame=   42 fps=0.5 q=24.0 size=       0KiB time=00:00:01.33 bitrate=   0.3kbits/s speed=0.0147x    
frame=   42 fps=0.5 q=24.0 size=       0KiB time=00:00:01.33 bitrate=   0.3kbits/s speed=0.0146x    
frame=   43 fps=0.5 q=24.0 size=       0KiB time=00:00:01.36 bitrate=   0.3kbits/s speed=0.0149x    
frame=   44 fps=0.5 q=24.0 size=       0KiB time=00:00:01.40 bitrate=   0.3kbits/s speed=0.0152x    
frame=   44 fps=0.5 q=24.0 size=       0KiB time=00:00:01.40 bitrate=   0.3kbits/s speed=0.0151x    
frame=   45 fps=0.5 q=24.0 size=       0KiB time=00:00:01.43 bitrate=   0.3kbits/s speed=0.0153x    
frame=   45 fps=0.5 q=24.0 size=       0KiB time=00:00:01.43 bitrate=   0.3kbits/s speed=0.0153x    
frame=   46 fps=0.5 q=24.0 size=       0KiB time=00:00:01.46 bitrate=   0.3kbits/s speed=0.0155x    
frame=   47 fps=0.5 q=24.0 size=       0KiB time=00:00:01.50 bitrate=   0.3kbits/s speed=0.0158x    
frame=   47 fps=0.5 q=24.0 size=       0KiB time=00:00:01.50 bitrate=   0.3kbits/s speed=0.0157x    
frame=   48 fps=0.5 q=24.0 size=       0KiB time=00:00:01.53 bitrate=   0.3kbits/s speed=0.016x    
frame=   48 fps=0.5 q=24.0 size=       0KiB time=00:00:01.53 bitrate=   0.3kbits/s speed=0.0159x    
frame=   49 fps=0.5 q=24.0 size=       0KiB time=00:00:01.56 bitrate=   0.2kbits/s speed=0.0162x    
frame=   50 fps=0.5 q=24.0 size=       0KiB time=00:00:01.60 bitrate=   0.2kbits/s speed=0.0164x    
frame=   50 fps=0.5 q=24.0 size=       0KiB time=00:00:01.60 bitrate=   0.2kbits/s speed=0.0163x    
frame=   51 fps=0.5 q=24.0 size=       0KiB time=00:00:01.63 bitrate=   0.2kbits/s speed=0.0166x    
frame=   51 fps=0.5 q=24.0 size=       0KiB time=00:00:01.63 bitrate=   0.2kbits/s speed=0.0165x    
frame=   52 fps=0.5 q=24.0 size=       0KiB time=00:00:01.66 bitrate=   0.2kbits/s speed=0.0167x    
[mp4 @ 00000225ff217140] Starting second pass: moving the moov atom to the beginning of the file
[out#0/mp4 @ 00000225ff216540] video:9KiB audio:0KiB subtitle:0KiB other streams:0KiB global headers:0KiB muxing 
overhead: 43.324990%
frame=  121 fps=1.2 q=-1.0 Lsize=      13KiB time=00:00:03.96 bitrate=  27.7kbits/s speed=0.0397x    
[libx264 @ 00000225ff21a900] frame I:1     Avg QP: 5.00  size:   430
[libx264 @ 00000225ff21a900] frame P:30    Avg QP: 5.17  size:    77
[libx264 @ 00000225ff21a900] frame B:90    Avg QP: 8.67  size:    69
[libx264 @ 00000225ff21a900] consecutive B-frames:  0.8%  0.0%  0.0% 99.2%
[libx264 @ 00000225ff21a900] mb I  I16..4: 100.0%  0.0%  0.0%
[libx264 @ 00000225ff21a900] mb P  I16..4:  0.0%  0.0%  0.0%  P16..4:  0.0%  0.0%  0.0%  0.0%  0.0%    skip:100.0%
[libx264 @ 00000225ff21a900] mb B  I16..4:  0.0%  0.0%  0.0%  B16..8:  0.0%  0.0%  0.0%  direct: 0.0%  skip:100.0%
[libx264 @ 00000225ff21a900] 8x8 transform intra:0.0%
[libx264 @ 00000225ff21a900] coded y,uvDC,uvAC intra: 0.0% 0.0% 0.0% inter: 0.0% 0.0% 0.0%
[libx264 @ 00000225ff21a900] i16 v,h,dc,p: 99%  0%  1%  0%
[libx264 @ 00000225ff21a900] i8c dc,h,v,p: 100%  0%  0%  0%
[libx264 @ 00000225ff21a900] Weighted P-Frames: Y:0.0% UV:0.0%
[libx264 @ 00000225ff21a900] kb/s:17.68
[OK] scene_spec
[RUN] render_job
[OK] render_job
all tests passed
